main.c:320:6:detect_wrong_side	4	static
main.c:348:5:main	8	static
main.c:489:6:SystemClock_Config	216	static
main.c:553:13:MX_TIM3_Init	40	static
main.c:598:13:MX_TIM4_Init	40	static
main.c:643:13:MX_TIM5_Init	40	static
main.c:688:13:MX_TIM8_Init	40	static
main.c:735:13:MX_TIM9_Init	24	static
main.c:776:13:MX_UART4_Init	8	static
main.c:811:13:MX_UART5_Init	8	static
main.c:846:13:MX_UART7_Init	8	static
main.c:881:13:MX_UART8_Init	8	static
main.c:916:13:MX_USART3_UART_Init	8	static
main.c:951:13:MX_USART6_UART_Init	8	static
main.c:985:13:MX_DMA_Init	16	static
main.c:1010:13:MX_GPIO_Init	56	static
main.c:1045:6:HAL_TIM_PeriodElapsedCallback	16	static
main.c:1081:6:HAL_TIM_IC_CaptureCallback	16	static
main.c:1095:6:HAL_UART_RxCpltCallback	16	static
main.c:1125:6:HAL_UART_ErrorCallback	16	static
main.c:1155:6:usDelay	16	static
main.c:1165:6:measure_ultrasonic	16	static
main.c:1195:6:read_sbus	16	static
main.c:1236:6:write_sbus	16	static
main.c:1276:6:sbus_passthrough	16	static
main.c:1318:6:init_variables	4	static
main.c:1384:6:moving_average_update_float	16	static
main.c:1399:6:update_trig	64	static
main.c:1431:6:init_log_microsd	152	static
main.c:1472:6:update_log_microsd	272	static
main.c:1521:6:write_periodic_LCD	32	static
main.c:1543:7:constrain_f	32	static
main.c:1556:6:init_PID	16	static
main.c:1564:6:calculate_PID	24	static
main.c:1591:6:parse_uwb_uart	32	static
main.c:1622:6:Error_Handler	4	static,ignoring_inline_asm
